<?xml version="1.0" encoding="UTF-8" standalone="yes"?>
<GUIStructure>
	<GUI>
		<Window>
			<Attributes>
				<Property>
					<Name>Title</Name>
					<Value>Window</Value>
				</Property>
				<Property>
					<Name>Modal</Name>
					<Value>false</Value>
				</Property>
				<Property>
					<Name>Rootwindow</Name>
					<Value>true</Value>
				</Property>
				<Property>
					<Name>visible</Name>
					<Value>true</Value>
				</Property>
			</Attributes>
		</Window>
		<Container>
			<Contents>
				<Container>
					<Attributes>
						<Property>
							<Name>ID</Name>
							<Value>w1819273420</Value>
						</Property>
						<Property>
							<Name>Class</Name>
							<Value>org.eclipse.swt.widgets.Shell</Value>
						</Property>
						<Property>
							<Name>Type</Name>
							<Value>TERMINAL</Value>
						</Property>
						<Property>
							<Name>X</Name>
							<Value>0</Value>
						</Property>
						<Property>
							<Name>Y</Name>
							<Value>0</Value>
						</Property>
						<Property>
							<Name>Title</Name>
							<Value>Window</Value>
						</Property>
						<Property>
							<Name>enabled</Name>
							<Value>true</Value>
						</Property>
						<Property>
							<Name>text</Name>
							<Value>Window</Value>
						</Property>
						<Property>
							<Name>visible</Name>
							<Value>true</Value>
						</Property>
					</Attributes>
					<Contents>
						<Widget>
							<Attributes>
								<Property>
									<Name>ID</Name>
									<Value>w2105164100</Value>
								</Property>
								<Property>
									<Name>Class</Name>
									<Value>org.eclipse.swt.widgets.Label</Value>
								</Property>
								<Property>
									<Name>Type</Name>
									<Value>SYSTEM INTERACTION</Value>
								</Property>
								<Property>
									<Name>X</Name>
									<Value>10</Value>
								</Property>
								<Property>
									<Name>Y</Name>
									<Value>10</Value>
								</Property>
								<Property>
									<Name>Title</Name>
									<Value></Value>
								</Property>
								<Property>
									<Name>enabled</Name>
									<Value>true</Value>
								</Property>
								<Property>
									<Name>text</Name>
									<Value>This is a label</Value>
								</Property>
								<Property>
									<Name>visible</Name>
									<Value>true</Value>
								</Property>
							</Attributes>
						</Widget>
					</Contents>
				</Container>
			</Contents>
		</Container>
	</GUI>
</GUIStructure>
