<?xml version="1.0" encoding="UTF-8" standalone="yes"?>
<TestCase>
    <Step>
        <EventId>e425666984</EventId>
        <ReachingStep>false</ReachingStep>
        <GUIStructure>
            <GUI>
                <Window>
                    <Attributes>
                        <Property>
                            <Name>Title</Name>
                            <Value>org.eclipse.swt.widgets.Shell</Value>
                        </Property>
                        <Property>
                            <Name>Modal</Name>
                            <Value>false</Value>
                        </Property>
                        <Property>
                            <Name>Rootwindow</Name>
                            <Value>false</Value>
                        </Property>
                        <Property>
                            <Name>visible</Name>
                            <Value>true</Value>
                        </Property>
                    </Attributes>
                </Window>
                <Container>
                    <Contents>
                        <Container>
                            <Attributes>
<Property>
    <Name>ID</Name>
    <Value>w1311575748</Value>
</Property>
<Property>
    <Name>Class</Name>
    <Value>org.eclipse.swt.widgets.Shell</Value>
</Property>
<Property>
    <Name>Type</Name>
    <Value>TERMINAL</Value>
</Property>
<Property>
    <Name>X</Name>
    <Value>0</Value>
</Property>
<Property>
    <Name>Y</Name>
    <Value>0</Value>
</Property>
<Property>
    <Name>Title</Name>
    <Value></Value>
</Property>
<Property>
    <Name>enabled</Name>
    <Value>true</Value>
</Property>
<Property>
    <Name>text</Name>
    <Value></Value>
</Property>
<Property>
    <Name>visible</Name>
    <Value>true</Value>
</Property>
                            </Attributes>
                            <Contents>
<Widget>
    <Attributes>
        <Property>
            <Name>ID</Name>
            <Value>w425666984</Value>
        </Property>
        <Property>
            <Name>Class</Name>
            <Value>org.eclipse.swt.widgets.Text</Value>
        </Property>
        <Property>
            <Name>Type</Name>
            <Value>SYSTEM INTERACTION</Value>
        </Property>
        <Property>
            <Name>X</Name>
            <Value>0</Value>
        </Property>
        <Property>
            <Name>Y</Name>
            <Value>0</Value>
        </Property>
        <Property>
            <Name>ReplayableAction</Name>
            <Value>edu.umd.cs.guitar.event.SWTEditableTextAction</Value>
        </Property>
        <Property>
            <Name>Title</Name>
            <Value></Value>
        </Property>
        <Property>
            <Name>editable</Name>
            <Value>true</Value>
        </Property>
        <Property>
            <Name>enabled</Name>
            <Value>true</Value>
        </Property>
        <Property>
            <Name>text</Name>
            <Value>GUITAR DEFAULT TEXT: !&quot;#$%&amp;'()*+,-./0123456789:;&lt;=&gt;?@ABCDEFGHIJKLMNOPQRSTUVWXYZ[\]^_`abcdefghijklmnopqrstuvwxyz{|}~</Value>
        </Property>
        <Property>
            <Name>visible</Name>
            <Value>true</Value>
        </Property>
    </Attributes>
</Widget>
                            </Contents>
                        </Container>
                    </Contents>
                </Container>
            </GUI>
        </GUIStructure>
    </Step>
    <Step>
        <EventId>e425666984</EventId>
        <ReachingStep>false</ReachingStep>
        <GUIStructure>
            <GUI>
                <Window>
                    <Attributes>
                        <Property>
                            <Name>Title</Name>
                            <Value>org.eclipse.swt.widgets.Shell</Value>
                        </Property>
                        <Property>
                            <Name>Modal</Name>
                            <Value>false</Value>
                        </Property>
                        <Property>
                            <Name>Rootwindow</Name>
                            <Value>false</Value>
                        </Property>
                        <Property>
                            <Name>visible</Name>
                            <Value>true</Value>
                        </Property>
                    </Attributes>
                </Window>
                <Container>
                    <Contents>
                        <Container>
                            <Attributes>
<Property>
    <Name>ID</Name>
    <Value>w1311575748</Value>
</Property>
<Property>
    <Name>Class</Name>
    <Value>org.eclipse.swt.widgets.Shell</Value>
</Property>
<Property>
    <Name>Type</Name>
    <Value>TERMINAL</Value>
</Property>
<Property>
    <Name>X</Name>
    <Value>0</Value>
</Property>
<Property>
    <Name>Y</Name>
    <Value>0</Value>
</Property>
<Property>
    <Name>Title</Name>
    <Value></Value>
</Property>
<Property>
    <Name>enabled</Name>
    <Value>true</Value>
</Property>
<Property>
    <Name>text</Name>
    <Value></Value>
</Property>
<Property>
    <Name>visible</Name>
    <Value>true</Value>
</Property>
                            </Attributes>
                            <Contents>
<Widget>
    <Attributes>
        <Property>
            <Name>ID</Name>
            <Value>w425666984</Value>
        </Property>
        <Property>
            <Name>Class</Name>
            <Value>org.eclipse.swt.widgets.Text</Value>
        </Property>
        <Property>
            <Name>Type</Name>
            <Value>SYSTEM INTERACTION</Value>
        </Property>
        <Property>
            <Name>X</Name>
            <Value>0</Value>
        </Property>
        <Property>
            <Name>Y</Name>
            <Value>0</Value>
        </Property>
        <Property>
            <Name>ReplayableAction</Name>
            <Value>edu.umd.cs.guitar.event.SWTEditableTextAction</Value>
        </Property>
        <Property>
            <Name>Title</Name>
            <Value></Value>
        </Property>
        <Property>
            <Name>editable</Name>
            <Value>true</Value>
        </Property>
        <Property>
            <Name>enabled</Name>
            <Value>true</Value>
        </Property>
        <Property>
            <Name>text</Name>
            <Value>GUITAR DEFAULT TEXT: !&quot;#$%&amp;'()*+,-./0123456789:;&lt;=&gt;?@ABCDEFGHIJKLMNOPQRSTUVWXYZ[\]^_`abcdefghijklmnopqrstuvwxyz{|}~</Value>
        </Property>
        <Property>
            <Name>visible</Name>
            <Value>true</Value>
        </Property>
    </Attributes>
</Widget>
                            </Contents>
                        </Container>
                    </Contents>
                </Container>
            </GUI>
        </GUIStructure>
    </Step>
    <Step>
        <EventId>e425666984</EventId>
        <ReachingStep>false</ReachingStep>
        <GUIStructure>
            <GUI>
                <Window>
                    <Attributes>
                        <Property>
                            <Name>Title</Name>
                            <Value>org.eclipse.swt.widgets.Shell</Value>
                        </Property>
                        <Property>
                            <Name>Modal</Name>
                            <Value>false</Value>
                        </Property>
                        <Property>
                            <Name>Rootwindow</Name>
                            <Value>false</Value>
                        </Property>
                        <Property>
                            <Name>visible</Name>
                            <Value>true</Value>
                        </Property>
                    </Attributes>
                </Window>
                <Container>
                    <Contents>
                        <Container>
                            <Attributes>
<Property>
    <Name>ID</Name>
    <Value>w1311575748</Value>
</Property>
<Property>
    <Name>Class</Name>
    <Value>org.eclipse.swt.widgets.Shell</Value>
</Property>
<Property>
    <Name>Type</Name>
    <Value>TERMINAL</Value>
</Property>
<Property>
    <Name>X</Name>
    <Value>0</Value>
</Property>
<Property>
    <Name>Y</Name>
    <Value>0</Value>
</Property>
<Property>
    <Name>Title</Name>
    <Value></Value>
</Property>
<Property>
    <Name>enabled</Name>
    <Value>true</Value>
</Property>
<Property>
    <Name>text</Name>
    <Value></Value>
</Property>
<Property>
    <Name>visible</Name>
    <Value>true</Value>
</Property>
                            </Attributes>
                            <Contents>
<Widget>
    <Attributes>
        <Property>
            <Name>ID</Name>
            <Value>w425666984</Value>
        </Property>
        <Property>
            <Name>Class</Name>
            <Value>org.eclipse.swt.widgets.Text</Value>
        </Property>
        <Property>
            <Name>Type</Name>
            <Value>SYSTEM INTERACTION</Value>
        </Property>
        <Property>
            <Name>X</Name>
            <Value>0</Value>
        </Property>
        <Property>
            <Name>Y</Name>
            <Value>0</Value>
        </Property>
        <Property>
            <Name>ReplayableAction</Name>
            <Value>edu.umd.cs.guitar.event.SWTEditableTextAction</Value>
        </Property>
        <Property>
            <Name>Title</Name>
            <Value></Value>
        </Property>
        <Property>
            <Name>editable</Name>
            <Value>true</Value>
        </Property>
        <Property>
            <Name>enabled</Name>
            <Value>true</Value>
        </Property>
        <Property>
            <Name>text</Name>
            <Value>GUITAR DEFAULT TEXT: !&quot;#$%&amp;'()*+,-./0123456789:;&lt;=&gt;?@ABCDEFGHIJKLMNOPQRSTUVWXYZ[\]^_`abcdefghijklmnopqrstuvwxyz{|}~</Value>
        </Property>
        <Property>
            <Name>visible</Name>
            <Value>true</Value>
        </Property>
    </Attributes>
</Widget>
                            </Contents>
                        </Container>
                    </Contents>
                </Container>
            </GUI>
        </GUIStructure>
    </Step>
    <Step>
        <EventId>e425666984</EventId>
        <ReachingStep>false</ReachingStep>
        <GUIStructure>
            <GUI>
                <Window>
                    <Attributes>
                        <Property>
                            <Name>Title</Name>
                            <Value>org.eclipse.swt.widgets.Shell</Value>
                        </Property>
                        <Property>
                            <Name>Modal</Name>
                            <Value>false</Value>
                        </Property>
                        <Property>
                            <Name>Rootwindow</Name>
                            <Value>false</Value>
                        </Property>
                        <Property>
                            <Name>visible</Name>
                            <Value>true</Value>
                        </Property>
                    </Attributes>
                </Window>
                <Container>
                    <Contents>
                        <Container>
                            <Attributes>
<Property>
    <Name>ID</Name>
    <Value>w1311575748</Value>
</Property>
<Property>
    <Name>Class</Name>
    <Value>org.eclipse.swt.widgets.Shell</Value>
</Property>
<Property>
    <Name>Type</Name>
    <Value>TERMINAL</Value>
</Property>
<Property>
    <Name>X</Name>
    <Value>0</Value>
</Property>
<Property>
    <Name>Y</Name>
    <Value>0</Value>
</Property>
<Property>
    <Name>Title</Name>
    <Value></Value>
</Property>
<Property>
    <Name>enabled</Name>
    <Value>true</Value>
</Property>
<Property>
    <Name>text</Name>
    <Value></Value>
</Property>
<Property>
    <Name>visible</Name>
    <Value>true</Value>
</Property>
                            </Attributes>
                            <Contents>
<Widget>
    <Attributes>
        <Property>
            <Name>ID</Name>
            <Value>w425666984</Value>
        </Property>
        <Property>
            <Name>Class</Name>
            <Value>org.eclipse.swt.widgets.Text</Value>
        </Property>
        <Property>
            <Name>Type</Name>
            <Value>SYSTEM INTERACTION</Value>
        </Property>
        <Property>
            <Name>X</Name>
            <Value>0</Value>
        </Property>
        <Property>
            <Name>Y</Name>
            <Value>0</Value>
        </Property>
        <Property>
            <Name>ReplayableAction</Name>
            <Value>edu.umd.cs.guitar.event.SWTEditableTextAction</Value>
        </Property>
        <Property>
            <Name>Title</Name>
            <Value></Value>
        </Property>
        <Property>
            <Name>editable</Name>
            <Value>true</Value>
        </Property>
        <Property>
            <Name>enabled</Name>
            <Value>true</Value>
        </Property>
        <Property>
            <Name>text</Name>
            <Value>GUITAR DEFAULT TEXT: !&quot;#$%&amp;'()*+,-./0123456789:;&lt;=&gt;?@ABCDEFGHIJKLMNOPQRSTUVWXYZ[\]^_`abcdefghijklmnopqrstuvwxyz{|}~</Value>
        </Property>
        <Property>
            <Name>visible</Name>
            <Value>true</Value>
        </Property>
    </Attributes>
</Widget>
                            </Contents>
                        </Container>
                    </Contents>
                </Container>
            </GUI>
        </GUIStructure>
    </Step>
    <Step>
        <EventId>e425666984</EventId>
        <ReachingStep>false</ReachingStep>
        <GUIStructure>
            <GUI>
                <Window>
                    <Attributes>
                        <Property>
                            <Name>Title</Name>
                            <Value>org.eclipse.swt.widgets.Shell</Value>
                        </Property>
                        <Property>
                            <Name>Modal</Name>
                            <Value>false</Value>
                        </Property>
                        <Property>
                            <Name>Rootwindow</Name>
                            <Value>false</Value>
                        </Property>
                        <Property>
                            <Name>visible</Name>
                            <Value>true</Value>
                        </Property>
                    </Attributes>
                </Window>
                <Container>
                    <Contents>
                        <Container>
                            <Attributes>
<Property>
    <Name>ID</Name>
    <Value>w1311575748</Value>
</Property>
<Property>
    <Name>Class</Name>
    <Value>org.eclipse.swt.widgets.Shell</Value>
</Property>
<Property>
    <Name>Type</Name>
    <Value>TERMINAL</Value>
</Property>
<Property>
    <Name>X</Name>
    <Value>0</Value>
</Property>
<Property>
    <Name>Y</Name>
    <Value>0</Value>
</Property>
<Property>
    <Name>Title</Name>
    <Value></Value>
</Property>
<Property>
    <Name>enabled</Name>
    <Value>true</Value>
</Property>
<Property>
    <Name>text</Name>
    <Value></Value>
</Property>
<Property>
    <Name>visible</Name>
    <Value>true</Value>
</Property>
                            </Attributes>
                            <Contents>
<Widget>
    <Attributes>
        <Property>
            <Name>ID</Name>
            <Value>w425666984</Value>
        </Property>
        <Property>
            <Name>Class</Name>
            <Value>org.eclipse.swt.widgets.Text</Value>
        </Property>
        <Property>
            <Name>Type</Name>
            <Value>SYSTEM INTERACTION</Value>
        </Property>
        <Property>
            <Name>X</Name>
            <Value>0</Value>
        </Property>
        <Property>
            <Name>Y</Name>
            <Value>0</Value>
        </Property>
        <Property>
            <Name>ReplayableAction</Name>
            <Value>edu.umd.cs.guitar.event.SWTEditableTextAction</Value>
        </Property>
        <Property>
            <Name>Title</Name>
            <Value></Value>
        </Property>
        <Property>
            <Name>editable</Name>
            <Value>true</Value>
        </Property>
        <Property>
            <Name>enabled</Name>
            <Value>true</Value>
        </Property>
        <Property>
            <Name>text</Name>
            <Value>GUITAR DEFAULT TEXT: !&quot;#$%&amp;'()*+,-./0123456789:;&lt;=&gt;?@ABCDEFGHIJKLMNOPQRSTUVWXYZ[\]^_`abcdefghijklmnopqrstuvwxyz{|}~</Value>
        </Property>
        <Property>
            <Name>visible</Name>
            <Value>true</Value>
        </Property>
    </Attributes>
</Widget>
                            </Contents>
                        </Container>
                    </Contents>
                </Container>
            </GUI>
        </GUIStructure>
    </Step>
</TestCase>
